// Jest Snapshot v1, https://goo.gl/fbAQLP

exports[`Error404 should render correctly 1`] = `
<div
  className="sc-kQfVtO bVrxVR"
>
  <div
    className="sc-bfmRie haygEl"
  >
    <div
      className="sc-eEihID fpbWQc"
    >
      404
    </div>
    <div
      className="sc-eEihID fpbWQc"
    >
      Page Not Found
    </div>
  </div>
  <div
    className="sc-ektJcd iffmnv"
  >
    <button
      className="sc-khIimk jAqwDB"
      data-testid="homeButton"
      onClick={[Function]}
    >
      å›žLet's JAM
    </button>
  </div>
</div>
`;
